# serializer version: 1
# name: test_no_builtin_docstring
  '''
  export type ListOfInts = (number)[]
  
  '''
# ---
