# serializer version: 1
# name: test_override
  '''
  export interface Foo {
  /** Size of the foo */
  size: number | string
  v√§ri: string
  }
  
  '''
# ---
