# serializer version: 1
# name: test_pydantic
  '''
  export interface Person {
  head: Head
  name: string
  }
  export const enum HairColor {
  RED = "red",
  BLACK = "black",
  PURPLE = "purple",
  BLUE = "blue",
  }
  export interface Head {
  hair_color: HairColor | null
  size: number
  }
  
  '''
# ---
