# serializer version: 1
# name: test_duplicate_union_member
  '''
  export interface DoublyNumber {
  value: number | string
  }
  
  '''
# ---
